// Vitest Snapshot v1, https://vitest.dev/guide/snapshot.html

exports[`Product component > renders product correctly 1`] = `
<div>
  <div>
    <img
      alt="Sony WH-10000"
      src="https://storage.googleapis.com/fir-auth-1c3bc.appspot.com/1692947383286-714WUJlhbLS._SL1500_.jpg"
    />
    <h3>
      Sony WH-10000
    </h3>
    <p>
      189â‚¬
    </p>
    <div>
      <button>
        -
      </button>
      <input
        readonly=""
        type="number"
        value="1"
      />
      <button>
        +
      </button>
    </div>
    <button>
      ADD TO BASKET
    </button>
  </div>
</div>
`;
